Menu Principal
1 - Novo
2 - Abrir
3 - Guardar
4 - Listar meta-informação
5 - Adicionar autor
6 - Listar secções
7 - Mostrar elemento de texto
8 - Editar
0 - Sair
Escolha uma opção: Menu de Edição
1 - Mudar título
2 - Listar secções
3 - Mostrar conteúdo
4 - Seleccionar secção
5 - Inserir secção
6 - Nomear secção
7 - Remover secção
8 - Inserir parágrafo
9 - Nomear parágrafo
10 - Alterar parágrafo
11 - Remover parágrafo
0 - Sair
Escolha uma opção: Identificador da secção: Nova secção activa: '1'.
Menu de Edição
1 - Mudar título
2 - Listar secções
3 - Mostrar conteúdo
4 - Seleccionar secção
5 - Inserir secção
6 - Nomear secção
7 - Remover secção
8 - Inserir parágrafo
9 - Nomear parágrafo
10 - Alterar parágrafo
11 - Remover parágrafo
0 - Sair
Escolha uma opção: Identificador da secção: Título da secção: Menu de Edição
1 - Mudar título
2 - Listar secções
3 - Mostrar conteúdo
4 - Seleccionar secção
5 - Inserir secção
6 - Nomear secção
7 - Remover secção
8 - Inserir parágrafo
9 - Nomear parágrafo
10 - Alterar parágrafo
11 - Remover parágrafo
0 - Sair
Escolha uma opção: [] {Patience You Must Have}
Do or do not.
There is no try.
[] {Sec 1-1}
Menu de Edição
1 - Mudar título
2 - Listar secções
3 - Mostrar conteúdo
4 - Seleccionar secção
5 - Inserir secção
6 - Nomear secção
7 - Remover secção
8 - Inserir parágrafo
9 - Nomear parágrafo
10 - Alterar parágrafo
11 - Remover parágrafo
0 - Sair
Escolha uma opção: Identificador da secção: Identificador único: Menu de Edição
1 - Mudar título
2 - Listar secções
3 - Mostrar conteúdo
4 - Seleccionar secção
5 - Inserir secção
6 - Nomear secção
7 - Remover secção
8 - Inserir parágrafo
9 - Nomear parágrafo
10 - Alterar parágrafo
11 - Remover parágrafo
0 - Sair
Escolha uma opção: [] {Patience You Must Have}
Do or do not.
There is no try.
[Sec1.1] {Sec 1-1}
Menu de Edição
1 - Mudar título
2 - Listar secções
3 - Mostrar conteúdo
4 - Seleccionar secção
5 - Inserir secção
6 - Nomear secção
7 - Remover secção
8 - Inserir parágrafo
9 - Nomear parágrafo
10 - Alterar parágrafo
11 - Remover parágrafo
0 - Sair
Escolha uma opção: Menu de Edição
1 - Mudar título
2 - Listar secções
3 - Mostrar conteúdo
4 - Seleccionar secção
5 - Inserir secção
6 - Nomear secção
7 - Remover secção
8 - Inserir parágrafo
9 - Nomear parágrafo
10 - Alterar parágrafo
11 - Remover parágrafo
0 - Sair
Escolha uma opção: Menu Principal
1 - Novo
2 - Abrir
3 - Guardar
4 - Listar meta-informação
5 - Adicionar autor
6 - Listar secções
7 - Mostrar elemento de texto
8 - Editar
0 - Sair
Escolha uma opção: Identificador do elemento de texto: [Sec1.1] {Sec 1-1}
Menu Principal
1 - Novo
2 - Abrir
3 - Guardar
4 - Listar meta-informação
5 - Adicionar autor
6 - Listar secções
7 - Mostrar elemento de texto
8 - Editar
0 - Sair
Escolha uma opção: Menu de Edição
1 - Mudar título
2 - Listar secções
3 - Mostrar conteúdo
4 - Seleccionar secção
5 - Inserir secção
6 - Nomear secção
7 - Remover secção
8 - Inserir parágrafo
9 - Nomear parágrafo
10 - Alterar parágrafo
11 - Remover parágrafo
0 - Sair
Escolha uma opção: Identificador da secção: Menu de Edição
1 - Mudar título
2 - Listar secções
3 - Mostrar conteúdo
4 - Seleccionar secção
5 - Inserir secção
6 - Nomear secção
7 - Remover secção
8 - Inserir parágrafo
9 - Nomear parágrafo
10 - Alterar parágrafo
11 - Remover parágrafo
0 - Sair
Escolha uma opção: {Objects in Space}
[sec1] {A Walk in the Desert}
These aren’t the droids you’re looking for.
[sec2] {Drama in the Clouds}
Obi-Wan never told you what happened to your father.
He told me enough! He told me YOU killed him.
NOOOOOOOOOOOOOOOOOOO...
Menu de Edição
1 - Mudar título
2 - Listar secções
3 - Mostrar conteúdo
4 - Seleccionar secção
5 - Inserir secção
6 - Nomear secção
7 - Remover secção
8 - Inserir parágrafo
9 - Nomear parágrafo
10 - Alterar parágrafo
11 - Remover parágrafo
0 - Sair
Escolha uma opção: Menu Principal
1 - Novo
2 - Abrir
3 - Guardar
4 - Listar meta-informação
5 - Adicionar autor
6 - Listar secções
7 - Mostrar elemento de texto
8 - Editar
0 - Sair
Escolha uma opção: Título: Objects in Space
Autor: Obi-Wan Kenobi/ob1@tatooine.geocities.com
Secções de topo: 2
Dimensão do documento (bytes): 218
Identificadores únicos: 2
Menu Principal
1 - Novo
2 - Abrir
3 - Guardar
4 - Listar meta-informação
5 - Adicionar autor
6 - Listar secções
7 - Mostrar elemento de texto
8 - Editar
0 - Sair
Escolha uma opção: Identificador do elemento de texto: O elemento de texto 'Sec1.1' não existe.
Menu Principal
1 - Novo
2 - Abrir
3 - Guardar
4 - Listar meta-informação
5 - Adicionar autor
6 - Listar secções
7 - Mostrar elemento de texto
8 - Editar
0 - Sair
Escolha uma opção: 